// Jest Snapshot v1, https://goo.gl/fbAQLP

exports[`RepaymentScreen should render correctly and match the snapshot 1`] = `
<View
  style={
    Object {
      "backgroundColor": "rgb(242, 242, 242)",
    }
  }
>
  <RCTSafeAreaView
    emulateUnlessSupported={true}
    style={
      Object {
        "paddingTop": null,
      }
    }
  >
    <View
      style={
        Object {
          "backgroundColor": "#ffffff",
          "borderColor": "#e1e8ee",
          "borderWidth": 1,
          "margin": 15,
          "marginBottom": 0,
          "padding": 15,
          "shadowColor": "rgba(0,0,0, .2)",
          "shadowOffset": Object {
            "height": 0,
            "width": 0,
          },
          "shadowOpacity": 1,
          "shadowRadius": 1,
        }
      }
    >
      <View
        style={
          Object {
            "backgroundColor": "transparent",
          }
        }
      >
        <View
          style={
            Object {
              "borderRadius": 3,
              "overflow": "hidden",
            }
          }
        >
          <View
            accessibilityRole="button"
            accessibilityState={
              Object {
                "busy": true,
                "disabled": true,
              }
            }
            accessible={true}
            focusable={true}
            onClick={[Function]}
            onResponderGrant={[Function]}
            onResponderMove={[Function]}
            onResponderRelease={[Function]}
            onResponderTerminate={[Function]}
            onResponderTerminationRequest={[Function]}
            onStartShouldSetResponder={[Function]}
            style={
              Object {
                "opacity": 1,
              }
            }
            testID="repay"
          >
            <View
              style={
                Object {
                  "alignItems": "center",
                  "backgroundColor": "hsl(208, 8%, 90%)",
                  "borderColor": "#2089dc",
                  "borderRadius": 3,
                  "borderWidth": 0,
                  "flexDirection": "row",
                  "justifyContent": "center",
                  "padding": 8,
                }
              }
            >
              <ActivityIndicator
                animating={true}
                color="white"
                hidesWhenStopped={true}
                size="small"
                style={
                  Object {
                    "marginVertical": 2,
                  }
                }
              />
            </View>
          </View>
        </View>
      </View>
    </View>
  </RCTSafeAreaView>
</View>
`;
