// Jest Snapshot v1, https://goo.gl/fbAQLP

exports[`Container should render correctly and match the snapshot 1`] = `
<View
  style={
    Object {
      "backgroundColor": "rgb(242, 242, 242)",
    }
  }
>
  <StatusBar
    animated={false}
    backgroundColor="transparent"
    barStyle="dark-content"
    showHideTransition="fade"
    translucent={true}
  />
  <ForwardRef(SafeAreaView)
    style={
      Object {
        "paddingTop": null,
      }
    }
  />
</View>
`;
